%!Adobe-FontList 1.22
%Locale:0x412

%BeginFont
Handler:DirectoryHandler
FontType:Invalid
OutlineFileName:C:\Users\USER\Desktop\키즈카페\Font\Pretendard-Black.woff
FileModTime:1737716656
%EndFont

%BeginFont
Handler:DirectoryHandler
FontType:Invalid
OutlineFileName:C:\Users\USER\Desktop\키즈카페\Font\Pretendard-Bold.woff
FileModTime:1737716656
%EndFont

%BeginFont
Handler:DirectoryHandler
FontType:Invalid
OutlineFileName:C:\Users\USER\Desktop\키즈카페\Font\Pretendard-ExtraBold.woff
FileModTime:1737716656
%EndFont

%BeginFont
Handler:DirectoryHandler
FontType:Invalid
OutlineFileName:C:\Users\USER\Desktop\키즈카페\Font\Pretendard-ExtraLight.woff
FileModTime:1737716655
%EndFont

%BeginFont
Handler:DirectoryHandler
FontType:Invalid
OutlineFileName:C:\Users\USER\Desktop\키즈카페\Font\Pretendard-Light.woff
FileModTime:1737716655
%EndFont

%BeginFont
Handler:DirectoryHandler
FontType:Invalid
OutlineFileName:C:\Users\USER\Desktop\키즈카페\Font\Pretendard-Medium.woff
FileModTime:1737716654
%EndFont

%BeginFont
Handler:DirectoryHandler
FontType:Invalid
OutlineFileName:C:\Users\USER\Desktop\키즈카페\Font\Pretendard-Regular.woff
FileModTime:1737716654
%EndFont

%BeginFont
Handler:DirectoryHandler
FontType:Invalid
OutlineFileName:C:\Users\USER\Desktop\키즈카페\Font\Pretendard-SemiBold.woff
FileModTime:1737716654
%EndFont

%BeginFont
Handler:DirectoryHandler
FontType:Invalid
OutlineFileName:C:\Users\USER\Desktop\키즈카페\Font\Pretendard-Thin.woff
FileModTime:1737716654
%EndFont

